abootimg
adb
autoconf
autoconf-doc
automake
base-passwd
bc
bison
bison-doc
blueprint-tools
bsdutils
build-essential
ca-certificates
ccache
chrpath
clang-15
clang-15-doc
clang-15-examples
clang-format
clang-format-15
cmake
cmake-qt-gui
containerd.io
cpio
cppcheck-gui
cpplint
cppman
cpputest
crossbuild-essential-arm64
cscope
curl
dash
debianutils
default-jre
device-tree-compiler
diffstat
diffutils
docker-buildx-plugin
docker-ce
docker-ce-cli
docker-compose-plugin
docker-desktop
efibootmgr
fastboot
file
findutils
flex
flex-doc
fonts-indic
fwupd-doc
g++
g++-12-aarch64-linux-gnu
gawk
gcc
gcc-11-doc
gcc-arm-none-eabi
gcc-doc
gdb-doc
gdb-multiarch
gdbserver
git
git-all
gitg
gnome-system-tools
gnupg
google-chrome-stable
graphviz
grep
grub-common
grub-efi-amd64-bin
grub-efi-amd64-signed
grub-gfxpayload-lists
grub-pc
grub-pc-bin
grub2-common
gtkterm
gzip
hostname
hyphen-en-us
i2c-tools
init
iputils-ping
jlink
language-pack-en
language-pack-en-base
language-pack-gnome-en
language-pack-gnome-en-base
libacl1
libc6
libc6-dev
libc6-i386
libcanberra-gtk-module
libcurl4-openssl-dev
libdebconfclient0
libflashrom1
libfmt-dev
libftdi-dev
libftdi1-2
libfuse2t64
libi2c-dev
liblz4-tool
libmosquittopp-dev
libreoffice-help-common
libreoffice-help-en-us
libsdl1.2-dev
libssl-dev
libtool
libusb-0.1-4
libusb-1.0-0-dev
linux-generic
linux-source
locales
login
make
mesa-common-dev
mkbootimg
mokutil
mosquitto
mythes-en-us
ncurses-base
ncurses-bin
net-tools
ninja-build
openocd
openssh-server
os-prober
pkg-config
python3
python3-git
python3-jinja2
python3-pexpect
python3-pip
python3-subunit
python3-tk
python3-tk-dbg
repo
shim-signed
socat
soong
sshfs
synaptic
texinfo
thunderbird-locale-en
thunderbird-locale-en-us
ubuntu-desktop
ubuntu-desktop-minimal
ubuntu-minimal
ubuntu-restricted-addons
ubuntu-standard
ubuntu-wallpapers
unzip
wget
wireshark
wireshark-doc
xz-utils
zstd
